hi!
baby!
update by remote!
